Vous avez choisi de ne prendre en compte que les logs dans l'heure 2
Test44.log
Loading logs with time filter
