Erreur dans le format d'heure de tri
Veuillez rentrer une heure