Test62.log
Loading logs
/temps/4if20.html      1hits
/temps/4if19.html      1hits
/temps/4if18.html      1hits
/temps/4if17.html      1hits
/temps/4if16.html      1hits
/temps/3if38.html      1hits
