/sitewebif/intranet-etudiant.php      3hits
/temps/3if38.html      2hits
/temps/suivant.gif      1hits
/temps/style_emploi_du_temps.css      1hits
/temps/precedent.gif      1hits
/temps/insaif.ico      1hits
/temps/fondinsa.jpg      1hits
/temps/choix.gif      1hits
/temps/4if20.html      1hits
/temps/4if19.html      1hits