Vous avez choisi de ne prendre en compte que les logs dans l'heure 2
Test41.log
Loading logs with time filter
/temps/insaif.ico      1hits
/temps/4if16.html      1hits
/temps/3if38.html      1hits