/temps/insaif.ico      1hits
/temps/4if16.html      1hits
/temps/3if38.html      1hits