Vous avez choisi d'exclure les documents de type image, css ou javascript 
Vous avez choisi de ne prendre en compte que les logs dans l'heure 2
Test52.log
Loading logs excluding images, css or javascript files and filtering on time

Graph créé avec succès
/temps/4if16.html      1hits
/temps/3if38.html      1hits
