Erreur dans le format du fichier dot
Erreur critique dans le lancement du programme 
Veuillez relancer le programme en corrigeant les parametres